// Jest Snapshot v1, https://goo.gl/fbAQLP

exports[`tests in <Navbar/> Should show the component correctly 1`] = `
<nav
  className="navbar"
  style={
    Object {
      "height": "100px",
    }
  }
>
  <ul>
    <li
      className="logo"
    >
      <img
        alt="footprint"
        src="/img/footprint(white).svg"
      />
    </li>
    <li>
      Dogs Lovers
    </li>
  </ul>
  <ul>
    <li>
      <a
        href="#home"
      >
        Home
      </a>
    </li>
    <li>
      <a
        href="#gallery"
      >
        Image Gallery
      </a>
    </li>
  </ul>
</nav>
`;
